../Core/Src/uart.c:55:6:uart_init	16	static
../Core/Src/uart.c:72:20:uart_send_byte	16	static
../Core/Src/uart.c:103:6:uart_send_data	16	static
../Core/Src/uart.c:124:6:uart_receive_data	24	static
../Core/Src/uart.c:148:23:uart_check_parity	16	static
../Core/Src/uart.c:176:13:uart_send_stop_bit	8	static
../Core/Src/uart.c:210:20:uart_send_bit	16	static
../Core/Src/uart.c:242:20:reset_rx_intr	8	static
../Core/Src/uart.c:251:20:uart_com_handle	8	static
../Core/Src/uart.c:476:6:HAL_TIM_PeriodElapsedCallback	16	static
../Core/Src/uart.c:496:6:HAL_GPIO_EXTI_Callback	16	static
