../Core/Src/uart.c:76:6:uart_init	16	static
../Core/Src/uart.c:93:20:uart_send_byte	16	static
../Core/Src/uart.c:124:6:uart_send_data	16	static
../Core/Src/uart.c:145:6:uart_receive_data	16	static
../Core/Src/uart.c:170:23:uart_check_parity	16	static
../Core/Src/uart.c:198:13:uart_send_stop_bit	8	static
../Core/Src/uart.c:232:20:uart_send_bit	16	static
../Core/Src/uart.c:264:20:reset_rx_intr	8	static
../Core/Src/uart.c:273:20:uart_com_handle	8	static
../Core/Src/uart.c:498:6:HAL_TIM_PeriodElapsedCallback	16	static
../Core/Src/uart.c:518:6:HAL_GPIO_EXTI_Callback	16	static
